a_id,info,a_name,f_price,datasetoutcmaincategories,productdate